┏━━━━━━━━━━━━━━━━━━━━━━┳━━━━━━━━━━┳━━━━━━━━━━┳━━━━━━━━━━┳━━━━━━━━━━┳━━━━━━━━━━━┳━━━━━━━━━━┳━━━━━━━━━━━┳━━━━━━━━━━┳━━━━━━━━━━━┳━━━━━━━━━━┳━━━━━━━━━━━┳━━━━━━━━━━┓
┃                      ┃ Hold     ┃ Reg to   ┃          ┃          ┃ of which  ┃ Setup    ┃           ┃          ┃           ┃ of which ┃           ┃          ┃
┃                      ┃ Worst    ┃ Reg      ┃          ┃ Hold Vio ┃ reg to    ┃ Worst    ┃ Reg to    ┃ Setup    ┃ Setup Vio ┃ reg to   ┃ Max Cap   ┃ Max Slew ┃
┃ Corner/Group         ┃ Slack    ┃ Paths    ┃ Hold TNS ┃ Count    ┃ reg       ┃ Slack    ┃ Reg Paths ┃ TNS      ┃ Count     ┃ reg      ┃ Violatio… ┃ Violati… ┃
┡━━━━━━━━━━━━━━━━━━━━━━╇━━━━━━━━━━╇━━━━━━━━━━╇━━━━━━━━━━╇━━━━━━━━━━╇━━━━━━━━━━━╇━━━━━━━━━━╇━━━━━━━━━━━╇━━━━━━━━━━╇━━━━━━━━━━━╇━━━━━━━━━━╇━━━━━━━━━━━╇━━━━━━━━━━┩
│ Overall              │ 0.1152   │ 0.1152   │ 0.0000   │ 0        │ 0         │ -0.1509  │ 6.3843    │ -0.3654  │ 9         │ 0        │ 0         │ 0        │
│ nom_tt_025C_1v80     │ 0.3252   │ 0.3252   │ 0.0000   │ 0        │ 0         │ 3.6607   │ N/A       │ 0.0000   │ 0         │ 0        │ 0         │ 0        │
│ nom_ss_100C_1v60     │ 0.7532   │ 0.8863   │ 0.0000   │ 0        │ 0         │ -0.1017  │ 6.4283    │ -0.1687  │ 2         │ 0        │ 0         │ 0        │
│ nom_ff_n40C_1v95     │ 0.1188   │ 0.1188   │ 0.0000   │ 0        │ 0         │ 5.1773   │ N/A       │ 0.0000   │ 0         │ 0        │ 0         │ 0        │
│ min_tt_025C_1v80     │ 0.3202   │ 0.3202   │ 0.0000   │ 0        │ 0         │ 3.6868   │ N/A       │ 0.0000   │ 0         │ 0        │ 0         │ 0        │
│ min_ss_100C_1v60     │ 0.7544   │ 0.8776   │ 0.0000   │ 0        │ 0         │ -0.0529  │ 6.4776    │ -0.0745  │ 2         │ 0        │ 0         │ 0        │
│ min_ff_n40C_1v95     │ 0.1152   │ 0.1152   │ 0.0000   │ 0        │ 0         │ 5.1929   │ N/A       │ 0.0000   │ 0         │ 0        │ 0         │ 0        │
│ max_tt_025C_1v80     │ 0.3292   │ 0.3292   │ 0.0000   │ 0        │ 0         │ 3.6256   │ N/A       │ 0.0000   │ 0         │ 0        │ 0         │ 0        │
│ max_ss_100C_1v60     │ 0.7498   │ 0.8932   │ 0.0000   │ 0        │ 0         │ -0.1509  │ 6.3843    │ -0.3654  │ 5         │ 0        │ 0         │ 0        │
│ max_ff_n40C_1v95     │ 0.1217   │ 0.1217   │ 0.0000   │ 0        │ 0         │ 5.1563   │ N/A       │ 0.0000   │ 0         │ 0        │ 0         │ 0        │
└──────────────────────┴──────────┴──────────┴──────────┴──────────┴───────────┴──────────┴───────────┴──────────┴───────────┴──────────┴───────────┴──────────┘
